// Jest Snapshot v1, https://goo.gl/fbAQLP

exports[`Pages Quiz Detail Snapshot 1`] = `
<div id="quiz-detail">
  quiz detail
</div>
`;
